[2024-05-07T18:16:30.941+0530][gc] Using G1
[2024-05-07T18:16:30.942+0530][gc,init] Version: 17.0.10+11-LTS-240 (release)
[2024-05-07T18:16:30.942+0530][gc,init] CPUs: 8 total, 8 available
[2024-05-07T18:16:30.942+0530][gc,init] Memory: 8192M
[2024-05-07T18:16:30.942+0530][gc,init] Large Page Support: Disabled
[2024-05-07T18:16:30.942+0530][gc,init] NUMA Support: Disabled
[2024-05-07T18:16:30.942+0530][gc,init] Compressed Oops: Enabled (Zero based)
[2024-05-07T18:16:30.942+0530][gc,init] Heap Region Size: 1M
[2024-05-07T18:16:30.942+0530][gc,init] Heap Min Capacity: 1G
[2024-05-07T18:16:30.942+0530][gc,init] Heap Initial Capacity: 1G
[2024-05-07T18:16:30.942+0530][gc,init] Heap Max Capacity: 1G
[2024-05-07T18:16:30.942+0530][gc,init] Pre-touch: Disabled
[2024-05-07T18:16:30.942+0530][gc,init] Parallel Workers: 8
[2024-05-07T18:16:30.942+0530][gc,init] Concurrent Workers: 2
[2024-05-07T18:16:30.942+0530][gc,init] Concurrent Refinement Workers: 8
[2024-05-07T18:16:30.942+0530][gc,init] Periodic GC: Disabled
[2024-05-07T18:16:30.945+0530][gc,metaspace] CDS archive(s) mapped at: [0x0000000500000000-0x0000000500be0000-0x0000000500be0000), size 12451840, SharedBaseAddress: 0x0000000500000000, ArchiveRelocationMode: 1.
[2024-05-07T18:16:30.945+0530][gc,metaspace] Compressed class space mapped at: 0x0000000501000000-0x0000000541000000, reserved size: 1073741824
[2024-05-07T18:16:30.945+0530][gc,metaspace] Narrow klass base: 0x0000000500000000, Narrow klass shift: 0, Narrow klass range: 0x100000000
[2024-05-07T18:16:36.483+0530][gc,start    ] GC(0) Pause Young (Normal) (G1 Evacuation Pause)
[2024-05-07T18:16:36.483+0530][gc,task     ] GC(0) Using 8 workers of 8 for evacuation
[2024-05-07T18:16:36.485+0530][gc,phases   ] GC(0)   Pre Evacuate Collection Set: 0.2ms
[2024-05-07T18:16:36.485+0530][gc,phases   ] GC(0)   Merge Heap Roots: 0.0ms
[2024-05-07T18:16:36.485+0530][gc,phases   ] GC(0)   Evacuate Collection Set: 2.0ms
[2024-05-07T18:16:36.485+0530][gc,phases   ] GC(0)   Post Evacuate Collection Set: 0.2ms
[2024-05-07T18:16:36.485+0530][gc,phases   ] GC(0)   Other: 0.2ms
[2024-05-07T18:16:36.485+0530][gc,heap     ] GC(0) Eden regions: 51->0(44)
[2024-05-07T18:16:36.485+0530][gc,heap     ] GC(0) Survivor regions: 0->7(7)
[2024-05-07T18:16:36.485+0530][gc,heap     ] GC(0) Old regions: 0->1
[2024-05-07T18:16:36.485+0530][gc,heap     ] GC(0) Archive regions: 2->2
[2024-05-07T18:16:36.485+0530][gc,heap     ] GC(0) Humongous regions: 0->0
[2024-05-07T18:16:36.485+0530][gc,metaspace] GC(0) Metaspace: 18194K(18368K)->18194K(18368K) NonClass: 16019K(16128K)->16019K(16128K) Class: 2174K(2240K)->2174K(2240K)
[2024-05-07T18:16:36.485+0530][gc          ] GC(0) Pause Young (Normal) (G1 Evacuation Pause) 51M->8M(1024M) 2.689ms
[2024-05-07T18:16:36.485+0530][gc,cpu      ] GC(0) User=0.02s Sys=0.01s Real=0.00s
[2024-05-07T18:16:36.574+0530][gc,start    ] GC(1) Pause Young (Concurrent Start) (Metadata GC Threshold)
[2024-05-07T18:16:36.574+0530][gc,task     ] GC(1) Using 8 workers of 8 for evacuation
[2024-05-07T18:16:36.576+0530][gc,phases   ] GC(1)   Pre Evacuate Collection Set: 0.1ms
[2024-05-07T18:16:36.576+0530][gc,phases   ] GC(1)   Merge Heap Roots: 0.0ms
[2024-05-07T18:16:36.576+0530][gc,phases   ] GC(1)   Evacuate Collection Set: 1.9ms
[2024-05-07T18:16:36.576+0530][gc,phases   ] GC(1)   Post Evacuate Collection Set: 0.2ms
[2024-05-07T18:16:36.576+0530][gc,phases   ] GC(1)   Other: 0.1ms
[2024-05-07T18:16:36.576+0530][gc,heap     ] GC(1) Eden regions: 13->0(49)
[2024-05-07T18:16:36.576+0530][gc,heap     ] GC(1) Survivor regions: 7->2(7)
[2024-05-07T18:16:36.576+0530][gc,heap     ] GC(1) Old regions: 1->8
[2024-05-07T18:16:36.576+0530][gc,heap     ] GC(1) Archive regions: 2->2
[2024-05-07T18:16:36.576+0530][gc,heap     ] GC(1) Humongous regions: 0->0
[2024-05-07T18:16:36.576+0530][gc,metaspace] GC(1) Metaspace: 21349K(21504K)->21349K(21504K) NonClass: 18754K(18816K)->18754K(18816K) Class: 2594K(2688K)->2594K(2688K)
[2024-05-07T18:16:36.577+0530][gc          ] GC(1) Pause Young (Concurrent Start) (Metadata GC Threshold) 20M->10M(1024M) 2.294ms
[2024-05-07T18:16:36.577+0530][gc,cpu      ] GC(1) User=0.01s Sys=0.00s Real=0.00s
[2024-05-07T18:16:36.577+0530][gc          ] GC(2) Concurrent Mark Cycle
[2024-05-07T18:16:36.577+0530][gc,marking  ] GC(2) Concurrent Clear Claimed Marks
[2024-05-07T18:16:36.577+0530][gc,marking  ] GC(2) Concurrent Clear Claimed Marks 0.008ms
[2024-05-07T18:16:36.577+0530][gc,marking  ] GC(2) Concurrent Scan Root Regions
[2024-05-07T18:16:36.578+0530][gc,marking  ] GC(2) Concurrent Scan Root Regions 1.078ms
[2024-05-07T18:16:36.578+0530][gc,marking  ] GC(2) Concurrent Mark
[2024-05-07T18:16:36.578+0530][gc,marking  ] GC(2) Concurrent Mark From Roots
[2024-05-07T18:16:36.578+0530][gc,task     ] GC(2) Using 2 workers of 2 for marking
[2024-05-07T18:16:36.578+0530][gc,marking  ] GC(2) Concurrent Mark From Roots 0.704ms
[2024-05-07T18:16:36.578+0530][gc,marking  ] GC(2) Concurrent Preclean
[2024-05-07T18:16:36.578+0530][gc,marking  ] GC(2) Concurrent Preclean 0.012ms
[2024-05-07T18:16:36.578+0530][gc,start    ] GC(2) Pause Remark
[2024-05-07T18:16:36.579+0530][gc          ] GC(2) Pause Remark 10M->10M(1024M) 0.705ms
[2024-05-07T18:16:36.579+0530][gc,cpu      ] GC(2) User=0.01s Sys=0.01s Real=0.00s
[2024-05-07T18:16:36.579+0530][gc,marking  ] GC(2) Concurrent Mark 1.525ms
[2024-05-07T18:16:36.579+0530][gc,marking  ] GC(2) Concurrent Rebuild Remembered Sets
[2024-05-07T18:16:36.579+0530][gc,marking  ] GC(2) Concurrent Rebuild Remembered Sets 0.005ms
[2024-05-07T18:16:36.579+0530][gc,start    ] GC(2) Pause Cleanup
[2024-05-07T18:16:36.579+0530][gc          ] GC(2) Pause Cleanup 10M->10M(1024M) 0.006ms
[2024-05-07T18:16:36.579+0530][gc,cpu      ] GC(2) User=0.00s Sys=0.00s Real=0.00s
[2024-05-07T18:16:36.579+0530][gc,marking  ] GC(2) Concurrent Cleanup for Next Mark
[2024-05-07T18:16:36.580+0530][gc,marking  ] GC(2) Concurrent Cleanup for Next Mark 1.005ms
[2024-05-07T18:16:36.580+0530][gc          ] GC(2) Concurrent Mark Cycle 3.720ms
[2024-05-07T18:16:36.881+0530][gc,start    ] GC(3) Pause Young (Normal) (G1 Evacuation Pause)
[2024-05-07T18:16:36.881+0530][gc,task     ] GC(3) Using 8 workers of 8 for evacuation
[2024-05-07T18:16:36.884+0530][gc,phases   ] GC(3)   Pre Evacuate Collection Set: 0.1ms
[2024-05-07T18:16:36.884+0530][gc,phases   ] GC(3)   Merge Heap Roots: 0.0ms
[2024-05-07T18:16:36.884+0530][gc,phases   ] GC(3)   Evacuate Collection Set: 2.0ms
[2024-05-07T18:16:36.884+0530][gc,phases   ] GC(3)   Post Evacuate Collection Set: 0.2ms
[2024-05-07T18:16:36.884+0530][gc,phases   ] GC(3)   Other: 0.1ms
[2024-05-07T18:16:36.884+0530][gc,heap     ] GC(3) Eden regions: 49->0(45)
[2024-05-07T18:16:36.884+0530][gc,heap     ] GC(3) Survivor regions: 2->6(7)
[2024-05-07T18:16:36.884+0530][gc,heap     ] GC(3) Old regions: 8->8
[2024-05-07T18:16:36.884+0530][gc,heap     ] GC(3) Archive regions: 2->2
[2024-05-07T18:16:36.884+0530][gc,heap     ] GC(3) Humongous regions: 129->129
[2024-05-07T18:16:36.884+0530][gc,metaspace] GC(3) Metaspace: 30418K(30784K)->30418K(30784K) NonClass: 26938K(27136K)->26938K(27136K) Class: 3479K(3648K)->3479K(3648K)
[2024-05-07T18:16:36.884+0530][gc          ] GC(3) Pause Young (Normal) (G1 Evacuation Pause) 188M->143M(1024M) 2.421ms
[2024-05-07T18:16:36.884+0530][gc,cpu      ] GC(3) User=0.02s Sys=0.01s Real=0.00s
[2024-05-07T18:16:36.982+0530][gc,start    ] GC(4) Pause Young (Concurrent Start) (Metadata GC Threshold)
[2024-05-07T18:16:36.982+0530][gc,task     ] GC(4) Using 8 workers of 8 for evacuation
[2024-05-07T18:16:36.984+0530][gc,phases   ] GC(4)   Pre Evacuate Collection Set: 0.1ms
[2024-05-07T18:16:36.984+0530][gc,phases   ] GC(4)   Merge Heap Roots: 0.0ms
[2024-05-07T18:16:36.984+0530][gc,phases   ] GC(4)   Evacuate Collection Set: 1.8ms
[2024-05-07T18:16:36.984+0530][gc,phases   ] GC(4)   Post Evacuate Collection Set: 0.2ms
[2024-05-07T18:16:36.984+0530][gc,phases   ] GC(4)   Other: 0.1ms
[2024-05-07T18:16:36.984+0530][gc,heap     ] GC(4) Eden regions: 21->0(49)
[2024-05-07T18:16:36.984+0530][gc,heap     ] GC(4) Survivor regions: 6->2(7)
[2024-05-07T18:16:36.984+0530][gc,heap     ] GC(4) Old regions: 8->14
[2024-05-07T18:16:36.984+0530][gc,heap     ] GC(4) Archive regions: 2->2
[2024-05-07T18:16:36.984+0530][gc,heap     ] GC(4) Humongous regions: 129->129
[2024-05-07T18:16:36.984+0530][gc,metaspace] GC(4) Metaspace: 35613K(35968K)->35613K(35968K) NonClass: 31577K(31744K)->31577K(31744K) Class: 4036K(4224K)->4036K(4224K)
[2024-05-07T18:16:36.984+0530][gc          ] GC(4) Pause Young (Concurrent Start) (Metadata GC Threshold) 164M->145M(1024M) 2.193ms
[2024-05-07T18:16:36.984+0530][gc,cpu      ] GC(4) User=0.02s Sys=0.00s Real=0.00s
[2024-05-07T18:16:36.984+0530][gc          ] GC(5) Concurrent Mark Cycle
[2024-05-07T18:16:36.984+0530][gc,marking  ] GC(5) Concurrent Clear Claimed Marks
[2024-05-07T18:16:36.984+0530][gc,marking  ] GC(5) Concurrent Clear Claimed Marks 0.010ms
[2024-05-07T18:16:36.984+0530][gc,marking  ] GC(5) Concurrent Scan Root Regions
[2024-05-07T18:16:36.986+0530][gc,marking  ] GC(5) Concurrent Scan Root Regions 1.909ms
[2024-05-07T18:16:36.986+0530][gc,marking  ] GC(5) Concurrent Mark
[2024-05-07T18:16:36.986+0530][gc,marking  ] GC(5) Concurrent Mark From Roots
[2024-05-07T18:16:36.986+0530][gc,task     ] GC(5) Using 2 workers of 2 for marking
[2024-05-07T18:16:36.989+0530][gc,marking  ] GC(5) Concurrent Mark From Roots 2.930ms
[2024-05-07T18:16:36.989+0530][gc,marking  ] GC(5) Concurrent Preclean
[2024-05-07T18:16:36.989+0530][gc,marking  ] GC(5) Concurrent Preclean 0.071ms
[2024-05-07T18:16:36.989+0530][gc,start    ] GC(5) Pause Remark
[2024-05-07T18:16:36.990+0530][gc          ] GC(5) Pause Remark 146M->146M(1024M) 0.800ms
[2024-05-07T18:16:36.990+0530][gc,cpu      ] GC(5) User=0.00s Sys=0.00s Real=0.01s
[2024-05-07T18:16:36.990+0530][gc,marking  ] GC(5) Concurrent Mark 4.013ms
[2024-05-07T18:16:36.990+0530][gc,marking  ] GC(5) Concurrent Rebuild Remembered Sets
[2024-05-07T18:16:36.992+0530][gc,marking  ] GC(5) Concurrent Rebuild Remembered Sets 2.350ms
[2024-05-07T18:16:36.992+0530][gc,start    ] GC(5) Pause Cleanup
[2024-05-07T18:16:36.993+0530][gc          ] GC(5) Pause Cleanup 146M->146M(1024M) 0.071ms
[2024-05-07T18:16:36.993+0530][gc,cpu      ] GC(5) User=0.00s Sys=0.00s Real=0.00s
[2024-05-07T18:16:36.993+0530][gc,marking  ] GC(5) Concurrent Cleanup for Next Mark
[2024-05-07T18:16:36.994+0530][gc,marking  ] GC(5) Concurrent Cleanup for Next Mark 1.375ms
[2024-05-07T18:16:36.994+0530][gc          ] GC(5) Concurrent Mark Cycle 9.913ms
[2024-05-07T18:20:06.865+0530][gc,start    ] GC(6) Pause Young (Prepare Mixed) (G1 Evacuation Pause)
[2024-05-07T18:20:06.866+0530][gc,task     ] GC(6) Using 8 workers of 8 for evacuation
[2024-05-07T18:20:06.886+0530][gc,phases   ] GC(6)   Pre Evacuate Collection Set: 0.5ms
[2024-05-07T18:20:06.886+0530][gc,phases   ] GC(6)   Merge Heap Roots: 0.2ms
[2024-05-07T18:20:06.886+0530][gc,phases   ] GC(6)   Evacuate Collection Set: 18.1ms
[2024-05-07T18:20:06.886+0530][gc,phases   ] GC(6)   Post Evacuate Collection Set: 1.0ms
[2024-05-07T18:20:06.886+0530][gc,phases   ] GC(6)   Other: 2.2ms
[2024-05-07T18:20:06.886+0530][gc,heap     ] GC(6) Eden regions: 49->0(46)
[2024-05-07T18:20:06.886+0530][gc,heap     ] GC(6) Survivor regions: 2->5(7)
[2024-05-07T18:20:06.886+0530][gc,heap     ] GC(6) Old regions: 14->14
[2024-05-07T18:20:06.886+0530][gc,heap     ] GC(6) Archive regions: 2->2
[2024-05-07T18:20:06.886+0530][gc,heap     ] GC(6) Humongous regions: 147->129
[2024-05-07T18:20:06.886+0530][gc,metaspace] GC(6) Metaspace: 41904K(42560K)->41904K(42560K) NonClass: 36868K(37248K)->36868K(37248K) Class: 5036K(5312K)->5036K(5312K)
[2024-05-07T18:20:06.886+0530][gc          ] GC(6) Pause Young (Prepare Mixed) (G1 Evacuation Pause) 212M->147M(1024M) 20.973ms
[2024-05-07T18:20:06.886+0530][gc,cpu      ] GC(6) User=0.03s Sys=0.05s Real=0.02s
