[2024-05-07T13:22:41.107+0530][gc] Using G1
[2024-05-07T13:22:41.108+0530][gc,init] Version: 17.0.10+11-LTS-240 (release)
[2024-05-07T13:22:41.108+0530][gc,init] CPUs: 8 total, 8 available
[2024-05-07T13:22:41.108+0530][gc,init] Memory: 8192M
[2024-05-07T13:22:41.108+0530][gc,init] Large Page Support: Disabled
[2024-05-07T13:22:41.108+0530][gc,init] NUMA Support: Disabled
[2024-05-07T13:22:41.108+0530][gc,init] Compressed Oops: Enabled (Zero based)
[2024-05-07T13:22:41.108+0530][gc,init] Heap Region Size: 1M
[2024-05-07T13:22:41.108+0530][gc,init] Heap Min Capacity: 1G
[2024-05-07T13:22:41.108+0530][gc,init] Heap Initial Capacity: 1G
[2024-05-07T13:22:41.108+0530][gc,init] Heap Max Capacity: 1G
[2024-05-07T13:22:41.108+0530][gc,init] Pre-touch: Disabled
[2024-05-07T13:22:41.108+0530][gc,init] Parallel Workers: 8
[2024-05-07T13:22:41.108+0530][gc,init] Concurrent Workers: 2
[2024-05-07T13:22:41.108+0530][gc,init] Concurrent Refinement Workers: 8
[2024-05-07T13:22:41.108+0530][gc,init] Periodic GC: Disabled
[2024-05-07T13:22:41.111+0530][gc,metaspace] CDS archive(s) mapped at: [0x0000007000000000-0x0000007000be0000-0x0000007000be0000), size 12451840, SharedBaseAddress: 0x0000007000000000, ArchiveRelocationMode: 1.
[2024-05-07T13:22:41.111+0530][gc,metaspace] Compressed class space mapped at: 0x0000007001000000-0x0000007041000000, reserved size: 1073741824
[2024-05-07T13:22:41.111+0530][gc,metaspace] Narrow klass base: 0x0000007000000000, Narrow klass shift: 0, Narrow klass range: 0x100000000
[2024-05-07T13:22:46.701+0530][gc,start    ] GC(0) Pause Young (Normal) (G1 Evacuation Pause)
[2024-05-07T13:22:46.701+0530][gc,task     ] GC(0) Using 8 workers of 8 for evacuation
[2024-05-07T13:22:46.704+0530][gc,phases   ] GC(0)   Pre Evacuate Collection Set: 0.1ms
[2024-05-07T13:22:46.704+0530][gc,phases   ] GC(0)   Merge Heap Roots: 0.0ms
[2024-05-07T13:22:46.704+0530][gc,phases   ] GC(0)   Evacuate Collection Set: 1.9ms
[2024-05-07T13:22:46.704+0530][gc,phases   ] GC(0)   Post Evacuate Collection Set: 0.2ms
[2024-05-07T13:22:46.704+0530][gc,phases   ] GC(0)   Other: 0.2ms
[2024-05-07T13:22:46.704+0530][gc,heap     ] GC(0) Eden regions: 51->0(44)
[2024-05-07T13:22:46.704+0530][gc,heap     ] GC(0) Survivor regions: 0->7(7)
[2024-05-07T13:22:46.704+0530][gc,heap     ] GC(0) Old regions: 0->1
[2024-05-07T13:22:46.704+0530][gc,heap     ] GC(0) Archive regions: 2->2
[2024-05-07T13:22:46.704+0530][gc,heap     ] GC(0) Humongous regions: 0->0
[2024-05-07T13:22:46.704+0530][gc,metaspace] GC(0) Metaspace: 18221K(18432K)->18221K(18432K) NonClass: 16043K(16128K)->16043K(16128K) Class: 2178K(2304K)->2178K(2304K)
[2024-05-07T13:22:46.704+0530][gc          ] GC(0) Pause Young (Normal) (G1 Evacuation Pause) 51M->8M(1024M) 2.583ms
[2024-05-07T13:22:46.704+0530][gc,cpu      ] GC(0) User=0.02s Sys=0.00s Real=0.00s
[2024-05-07T13:22:46.841+0530][gc,start    ] GC(1) Pause Young (Concurrent Start) (Metadata GC Threshold)
[2024-05-07T13:22:46.841+0530][gc,task     ] GC(1) Using 8 workers of 8 for evacuation
[2024-05-07T13:22:46.843+0530][gc,phases   ] GC(1)   Pre Evacuate Collection Set: 0.1ms
[2024-05-07T13:22:46.843+0530][gc,phases   ] GC(1)   Merge Heap Roots: 0.0ms
[2024-05-07T13:22:46.843+0530][gc,phases   ] GC(1)   Evacuate Collection Set: 2.3ms
[2024-05-07T13:22:46.843+0530][gc,phases   ] GC(1)   Post Evacuate Collection Set: 0.2ms
[2024-05-07T13:22:46.843+0530][gc,phases   ] GC(1)   Other: 0.1ms
[2024-05-07T13:22:46.843+0530][gc,heap     ] GC(1) Eden regions: 14->0(49)
[2024-05-07T13:22:46.843+0530][gc,heap     ] GC(1) Survivor regions: 7->2(7)
[2024-05-07T13:22:46.843+0530][gc,heap     ] GC(1) Old regions: 1->8
[2024-05-07T13:22:46.843+0530][gc,heap     ] GC(1) Archive regions: 2->2
[2024-05-07T13:22:46.843+0530][gc,heap     ] GC(1) Humongous regions: 129->129
[2024-05-07T13:22:46.843+0530][gc,metaspace] GC(1) Metaspace: 21331K(21504K)->21331K(21504K) NonClass: 18748K(18816K)->18748K(18816K) Class: 2582K(2688K)->2582K(2688K)
[2024-05-07T13:22:46.843+0530][gc          ] GC(1) Pause Young (Concurrent Start) (Metadata GC Threshold) 150M->139M(1024M) 2.829ms
[2024-05-07T13:22:46.844+0530][gc,cpu      ] GC(1) User=0.01s Sys=0.00s Real=0.00s
[2024-05-07T13:22:46.844+0530][gc          ] GC(2) Concurrent Mark Cycle
[2024-05-07T13:22:46.844+0530][gc,marking  ] GC(2) Concurrent Clear Claimed Marks
[2024-05-07T13:22:46.844+0530][gc,marking  ] GC(2) Concurrent Clear Claimed Marks 0.008ms
[2024-05-07T13:22:46.844+0530][gc,marking  ] GC(2) Concurrent Scan Root Regions
[2024-05-07T13:22:46.845+0530][gc,marking  ] GC(2) Concurrent Scan Root Regions 1.470ms
[2024-05-07T13:22:46.845+0530][gc,marking  ] GC(2) Concurrent Mark
[2024-05-07T13:22:46.845+0530][gc,marking  ] GC(2) Concurrent Mark From Roots
[2024-05-07T13:22:46.845+0530][gc,task     ] GC(2) Using 2 workers of 2 for marking
[2024-05-07T13:22:46.846+0530][gc,marking  ] GC(2) Concurrent Mark From Roots 1.015ms
[2024-05-07T13:22:46.846+0530][gc,marking  ] GC(2) Concurrent Preclean
[2024-05-07T13:22:46.846+0530][gc,marking  ] GC(2) Concurrent Preclean 0.014ms
[2024-05-07T13:22:46.846+0530][gc,start    ] GC(2) Pause Remark
[2024-05-07T13:22:46.847+0530][gc          ] GC(2) Pause Remark 140M->140M(1024M) 0.921ms
[2024-05-07T13:22:46.847+0530][gc,cpu      ] GC(2) User=0.00s Sys=0.00s Real=0.00s
[2024-05-07T13:22:46.847+0530][gc,marking  ] GC(2) Concurrent Mark 2.037ms
[2024-05-07T13:22:46.847+0530][gc,marking  ] GC(2) Concurrent Rebuild Remembered Sets
[2024-05-07T13:22:46.849+0530][gc,marking  ] GC(2) Concurrent Rebuild Remembered Sets 1.710ms
[2024-05-07T13:22:46.849+0530][gc,start    ] GC(2) Pause Cleanup
[2024-05-07T13:22:46.849+0530][gc          ] GC(2) Pause Cleanup 140M->140M(1024M) 0.065ms
[2024-05-07T13:22:46.849+0530][gc,cpu      ] GC(2) User=0.00s Sys=0.00s Real=0.00s
[2024-05-07T13:22:46.849+0530][gc,marking  ] GC(2) Concurrent Cleanup for Next Mark
[2024-05-07T13:22:46.850+0530][gc,marking  ] GC(2) Concurrent Cleanup for Next Mark 1.076ms
[2024-05-07T13:22:46.850+0530][gc          ] GC(2) Concurrent Mark Cycle 6.536ms
[2024-05-07T13:22:47.095+0530][gc,start    ] GC(3) Pause Young (Normal) (GCLocker Initiated GC)
[2024-05-07T13:22:47.095+0530][gc,task     ] GC(3) Using 8 workers of 8 for evacuation
[2024-05-07T13:22:47.097+0530][gc,phases   ] GC(3)   Pre Evacuate Collection Set: 0.1ms
[2024-05-07T13:22:47.097+0530][gc,phases   ] GC(3)   Merge Heap Roots: 0.0ms
[2024-05-07T13:22:47.097+0530][gc,phases   ] GC(3)   Evacuate Collection Set: 1.9ms
[2024-05-07T13:22:47.097+0530][gc,phases   ] GC(3)   Post Evacuate Collection Set: 0.2ms
[2024-05-07T13:22:47.097+0530][gc,phases   ] GC(3)   Other: 0.1ms
[2024-05-07T13:22:47.097+0530][gc,heap     ] GC(3) Eden regions: 49->0(44)
[2024-05-07T13:22:47.097+0530][gc,heap     ] GC(3) Survivor regions: 2->7(7)
[2024-05-07T13:22:47.097+0530][gc,heap     ] GC(3) Old regions: 8->8
[2024-05-07T13:22:47.097+0530][gc,heap     ] GC(3) Archive regions: 2->2
[2024-05-07T13:22:47.097+0530][gc,heap     ] GC(3) Humongous regions: 129->129
[2024-05-07T13:22:47.097+0530][gc,metaspace] GC(3) Metaspace: 32679K(32896K)->32679K(32896K) NonClass: 29025K(29120K)->29025K(29120K) Class: 3653K(3776K)->3653K(3776K)
[2024-05-07T13:22:47.097+0530][gc          ] GC(3) Pause Young (Normal) (GCLocker Initiated GC) 188M->143M(1024M) 2.241ms
[2024-05-07T13:22:47.097+0530][gc,cpu      ] GC(3) User=0.01s Sys=0.00s Real=0.00s
[2024-05-07T13:24:41.154+0530][gc,start    ] GC(4) Pause Young (Concurrent Start) (Metadata GC Threshold)
[2024-05-07T13:24:41.156+0530][gc,task     ] GC(4) Using 8 workers of 8 for evacuation
[2024-05-07T13:24:41.167+0530][gc,phases   ] GC(4)   Pre Evacuate Collection Set: 0.3ms
[2024-05-07T13:24:41.167+0530][gc,phases   ] GC(4)   Merge Heap Roots: 0.1ms
[2024-05-07T13:24:41.167+0530][gc,phases   ] GC(4)   Evacuate Collection Set: 10.3ms
[2024-05-07T13:24:41.167+0530][gc,phases   ] GC(4)   Post Evacuate Collection Set: 0.7ms
[2024-05-07T13:24:41.167+0530][gc,phases   ] GC(4)   Other: 1.6ms
[2024-05-07T13:24:41.168+0530][gc,heap     ] GC(4) Eden regions: 15->0(49)
[2024-05-07T13:24:41.168+0530][gc,heap     ] GC(4) Survivor regions: 7->2(7)
[2024-05-07T13:24:41.168+0530][gc,heap     ] GC(4) Old regions: 8->14
[2024-05-07T13:24:41.168+0530][gc,heap     ] GC(4) Archive regions: 2->2
[2024-05-07T13:24:41.168+0530][gc,heap     ] GC(4) Humongous regions: 129->129
[2024-05-07T13:24:41.168+0530][gc,metaspace] GC(4) Metaspace: 35691K(35968K)->35691K(35968K) NonClass: 31615K(31744K)->31615K(31744K) Class: 4075K(4224K)->4075K(4224K)
[2024-05-07T13:24:41.168+0530][gc          ] GC(4) Pause Young (Concurrent Start) (Metadata GC Threshold) 158M->145M(1024M) 13.300ms
[2024-05-07T13:24:41.168+0530][gc,cpu      ] GC(4) User=0.03s Sys=0.01s Real=0.01s
[2024-05-07T13:24:41.168+0530][gc          ] GC(5) Concurrent Mark Cycle
[2024-05-07T13:24:41.168+0530][gc,marking  ] GC(5) Concurrent Clear Claimed Marks
[2024-05-07T13:24:41.168+0530][gc,marking  ] GC(5) Concurrent Clear Claimed Marks 0.026ms
[2024-05-07T13:24:41.168+0530][gc,marking  ] GC(5) Concurrent Scan Root Regions
[2024-05-07T13:24:41.172+0530][gc,marking  ] GC(5) Concurrent Scan Root Regions 3.752ms
[2024-05-07T13:24:41.172+0530][gc,marking  ] GC(5) Concurrent Mark
[2024-05-07T13:24:41.172+0530][gc,marking  ] GC(5) Concurrent Mark From Roots
[2024-05-07T13:24:41.172+0530][gc,task     ] GC(5) Using 2 workers of 2 for marking
[2024-05-07T13:24:41.178+0530][gc,marking  ] GC(5) Concurrent Mark From Roots 6.107ms
[2024-05-07T13:24:41.178+0530][gc,marking  ] GC(5) Concurrent Preclean
[2024-05-07T13:24:41.178+0530][gc,marking  ] GC(5) Concurrent Preclean 0.063ms
[2024-05-07T13:24:41.178+0530][gc,start    ] GC(5) Pause Remark
[2024-05-07T13:24:41.179+0530][gc          ] GC(5) Pause Remark 145M->145M(1024M) 1.495ms
[2024-05-07T13:24:41.180+0530][gc,cpu      ] GC(5) User=0.01s Sys=0.00s Real=0.01s
[2024-05-07T13:24:41.180+0530][gc,marking  ] GC(5) Concurrent Mark 7.913ms
[2024-05-07T13:24:41.180+0530][gc,marking  ] GC(5) Concurrent Rebuild Remembered Sets
[2024-05-07T13:24:41.185+0530][gc,marking  ] GC(5) Concurrent Rebuild Remembered Sets 5.895ms
[2024-05-07T13:24:41.186+0530][gc,start    ] GC(5) Pause Cleanup
[2024-05-07T13:24:41.186+0530][gc          ] GC(5) Pause Cleanup 145M->145M(1024M) 0.105ms
[2024-05-07T13:24:41.186+0530][gc,cpu      ] GC(5) User=0.00s Sys=0.00s Real=0.00s
[2024-05-07T13:24:41.186+0530][gc,marking  ] GC(5) Concurrent Cleanup for Next Mark
[2024-05-07T13:24:41.188+0530][gc,marking  ] GC(5) Concurrent Cleanup for Next Mark 1.782ms
[2024-05-07T13:24:41.188+0530][gc          ] GC(5) Concurrent Mark Cycle 19.791ms
[2024-05-07T16:23:37.240+0530][gc,start    ] GC(6) Pause Young (Normal) (G1 Evacuation Pause)
[2024-05-07T16:23:37.241+0530][gc,task     ] GC(6) Using 8 workers of 8 for evacuation
[2024-05-07T16:23:37.249+0530][gc,phases   ] GC(6)   Pre Evacuate Collection Set: 0.5ms
[2024-05-07T16:23:37.249+0530][gc,phases   ] GC(6)   Merge Heap Roots: 0.2ms
[2024-05-07T16:23:37.249+0530][gc,phases   ] GC(6)   Evacuate Collection Set: 6.2ms
[2024-05-07T16:23:37.249+0530][gc,phases   ] GC(6)   Post Evacuate Collection Set: 0.7ms
[2024-05-07T16:23:37.249+0530][gc,phases   ] GC(6)   Other: 1.7ms
[2024-05-07T16:23:37.249+0530][gc,heap     ] GC(6) Eden regions: 49->0(48)
[2024-05-07T16:23:37.249+0530][gc,heap     ] GC(6) Survivor regions: 2->3(7)
[2024-05-07T16:23:37.249+0530][gc,heap     ] GC(6) Old regions: 14->14
[2024-05-07T16:23:37.249+0530][gc,heap     ] GC(6) Archive regions: 2->2
[2024-05-07T16:23:37.249+0530][gc,heap     ] GC(6) Humongous regions: 129->129
[2024-05-07T16:23:37.249+0530][gc,metaspace] GC(6) Metaspace: 39479K(39872K)->39479K(39872K) NonClass: 34736K(34944K)->34736K(34944K) Class: 4742K(4928K)->4742K(4928K)
[2024-05-07T16:23:37.249+0530][gc          ] GC(6) Pause Young (Normal) (G1 Evacuation Pause) 194M->145M(1024M) 9.345ms
[2024-05-07T16:23:37.249+0530][gc,cpu      ] GC(6) User=0.02s Sys=0.00s Real=0.00s
[2024-05-07T16:31:01.743+0530][gc,start    ] GC(7) Pause Young (Normal) (G1 Evacuation Pause)
[2024-05-07T16:31:01.744+0530][gc,task     ] GC(7) Using 8 workers of 8 for evacuation
[2024-05-07T16:31:01.756+0530][gc,phases   ] GC(7)   Pre Evacuate Collection Set: 0.3ms
[2024-05-07T16:31:01.756+0530][gc,phases   ] GC(7)   Merge Heap Roots: 0.1ms
[2024-05-07T16:31:01.756+0530][gc,phases   ] GC(7)   Evacuate Collection Set: 10.1ms
[2024-05-07T16:31:01.756+0530][gc,phases   ] GC(7)   Post Evacuate Collection Set: 0.9ms
[2024-05-07T16:31:01.756+0530][gc,phases   ] GC(7)   Other: 1.4ms
[2024-05-07T16:31:01.756+0530][gc,heap     ] GC(7) Eden regions: 48->0(45)
[2024-05-07T16:31:01.756+0530][gc,heap     ] GC(7) Survivor regions: 3->6(7)
[2024-05-07T16:31:01.756+0530][gc,heap     ] GC(7) Old regions: 14->14
[2024-05-07T16:31:01.756+0530][gc,heap     ] GC(7) Archive regions: 2->2
[2024-05-07T16:31:01.756+0530][gc,heap     ] GC(7) Humongous regions: 129->129
[2024-05-07T16:31:01.756+0530][gc,metaspace] GC(7) Metaspace: 42211K(42688K)->42211K(42688K) NonClass: 37163K(37440K)->37163K(37440K) Class: 5048K(5248K)->5048K(5248K)
[2024-05-07T16:31:01.756+0530][gc          ] GC(7) Pause Young (Normal) (G1 Evacuation Pause) 193M->149M(1024M) 13.129ms
[2024-05-07T16:31:01.756+0530][gc,cpu      ] GC(7) User=0.04s Sys=0.00s Real=0.01s
[2024-05-07T16:53:07.397+0530][gc,start    ] GC(8) Pause Young (Normal) (G1 Evacuation Pause)
[2024-05-07T16:53:07.397+0530][gc,task     ] GC(8) Using 8 workers of 8 for evacuation
[2024-05-07T16:53:07.410+0530][gc,phases   ] GC(8)   Pre Evacuate Collection Set: 0.5ms
[2024-05-07T16:53:07.410+0530][gc,phases   ] GC(8)   Merge Heap Roots: 0.2ms
[2024-05-07T16:53:07.410+0530][gc,phases   ] GC(8)   Evacuate Collection Set: 11.2ms
[2024-05-07T16:53:07.410+0530][gc,phases   ] GC(8)   Post Evacuate Collection Set: 0.6ms
[2024-05-07T16:53:07.410+0530][gc,phases   ] GC(8)   Other: 2.6ms
[2024-05-07T16:53:07.410+0530][gc,heap     ] GC(8) Eden regions: 45->0(48)
[2024-05-07T16:53:07.410+0530][gc,heap     ] GC(8) Survivor regions: 6->3(7)
[2024-05-07T16:53:07.410+0530][gc,heap     ] GC(8) Old regions: 14->18
[2024-05-07T16:53:07.410+0530][gc,heap     ] GC(8) Archive regions: 2->2
[2024-05-07T16:53:07.410+0530][gc,heap     ] GC(8) Humongous regions: 129->129
[2024-05-07T16:53:07.410+0530][gc,metaspace] GC(8) Metaspace: 42336K(42880K)->42336K(42880K) NonClass: 37284K(37632K)->37284K(37632K) Class: 5051K(5248K)->5051K(5248K)
[2024-05-07T16:53:07.410+0530][gc          ] GC(8) Pause Young (Normal) (G1 Evacuation Pause) 194M->149M(1024M) 15.103ms
[2024-05-07T16:53:07.410+0530][gc,cpu      ] GC(8) User=0.02s Sys=0.02s Real=0.02s
[2024-05-07T17:07:31.628+0530][gc,start    ] GC(9) Pause Young (Normal) (G1 Evacuation Pause)
[2024-05-07T17:07:31.629+0530][gc,task     ] GC(9) Using 8 workers of 8 for evacuation
[2024-05-07T17:07:31.646+0530][gc,phases   ] GC(9)   Pre Evacuate Collection Set: 0.7ms
[2024-05-07T17:07:31.646+0530][gc,phases   ] GC(9)   Merge Heap Roots: 0.2ms
[2024-05-07T17:07:31.646+0530][gc,phases   ] GC(9)   Evacuate Collection Set: 15.4ms
[2024-05-07T17:07:31.646+0530][gc,phases   ] GC(9)   Post Evacuate Collection Set: 0.5ms
[2024-05-07T17:07:31.646+0530][gc,phases   ] GC(9)   Other: 2.6ms
[2024-05-07T17:07:31.646+0530][gc,heap     ] GC(9) Eden regions: 48->0(46)
[2024-05-07T17:07:31.646+0530][gc,heap     ] GC(9) Survivor regions: 3->5(7)
[2024-05-07T17:07:31.646+0530][gc,heap     ] GC(9) Old regions: 18->18
[2024-05-07T17:07:31.646+0530][gc,heap     ] GC(9) Archive regions: 2->2
[2024-05-07T17:07:31.646+0530][gc,heap     ] GC(9) Humongous regions: 129->129
[2024-05-07T17:07:31.646+0530][gc,metaspace] GC(9) Metaspace: 42394K(42944K)->42394K(42944K) NonClass: 37342K(37696K)->37342K(37696K) Class: 5051K(5248K)->5051K(5248K)
[2024-05-07T17:07:31.646+0530][gc          ] GC(9) Pause Young (Normal) (G1 Evacuation Pause) 197M->152M(1024M) 19.432ms
[2024-05-07T17:07:31.646+0530][gc,cpu      ] GC(9) User=0.03s Sys=0.03s Real=0.02s
[2024-05-07T17:21:46.640+0530][gc,start    ] GC(10) Pause Young (Normal) (G1 Evacuation Pause)
[2024-05-07T17:21:46.640+0530][gc,task     ] GC(10) Using 8 workers of 8 for evacuation
[2024-05-07T17:21:46.658+0530][gc,phases   ] GC(10)   Pre Evacuate Collection Set: 0.5ms
[2024-05-07T17:21:46.658+0530][gc,phases   ] GC(10)   Merge Heap Roots: 0.3ms
[2024-05-07T17:21:46.658+0530][gc,phases   ] GC(10)   Evacuate Collection Set: 14.9ms
[2024-05-07T17:21:46.658+0530][gc,phases   ] GC(10)   Post Evacuate Collection Set: 0.9ms
[2024-05-07T17:21:46.658+0530][gc,phases   ] GC(10)   Other: 1.9ms
[2024-05-07T17:21:46.658+0530][gc,heap     ] GC(10) Eden regions: 46->0(47)
[2024-05-07T17:21:46.658+0530][gc,heap     ] GC(10) Survivor regions: 5->4(7)
[2024-05-07T17:21:46.658+0530][gc,heap     ] GC(10) Old regions: 18->21
[2024-05-07T17:21:46.658+0530][gc,heap     ] GC(10) Archive regions: 2->2
[2024-05-07T17:21:46.658+0530][gc,heap     ] GC(10) Humongous regions: 129->129
[2024-05-07T17:21:46.658+0530][gc,metaspace] GC(10) Metaspace: 42460K(43008K)->42460K(43008K) NonClass: 37401K(37696K)->37401K(37696K) Class: 5058K(5312K)->5058K(5312K)
[2024-05-07T17:21:46.658+0530][gc          ] GC(10) Pause Young (Normal) (G1 Evacuation Pause) 198M->154M(1024M) 18.420ms
[2024-05-07T17:21:46.658+0530][gc,cpu      ] GC(10) User=0.02s Sys=0.02s Real=0.01s
[2024-05-07T17:32:13.483+0530][gc,start    ] GC(11) Pause Young (Normal) (G1 Evacuation Pause)
[2024-05-07T17:32:13.485+0530][gc,task     ] GC(11) Using 8 workers of 8 for evacuation
[2024-05-07T17:32:13.504+0530][gc,phases   ] GC(11)   Pre Evacuate Collection Set: 1.1ms
[2024-05-07T17:32:13.504+0530][gc,phases   ] GC(11)   Merge Heap Roots: 0.4ms
[2024-05-07T17:32:13.504+0530][gc,phases   ] GC(11)   Evacuate Collection Set: 16.7ms
[2024-05-07T17:32:13.504+0530][gc,phases   ] GC(11)   Post Evacuate Collection Set: 0.6ms
[2024-05-07T17:32:13.504+0530][gc,phases   ] GC(11)   Other: 2.6ms
[2024-05-07T17:32:13.504+0530][gc,heap     ] GC(11) Eden regions: 47->0(45)
[2024-05-07T17:32:13.504+0530][gc,heap     ] GC(11) Survivor regions: 4->6(7)
[2024-05-07T17:32:13.504+0530][gc,heap     ] GC(11) Old regions: 21->21
[2024-05-07T17:32:13.504+0530][gc,heap     ] GC(11) Archive regions: 2->2
[2024-05-07T17:32:13.504+0530][gc,heap     ] GC(11) Humongous regions: 129->129
[2024-05-07T17:32:13.504+0530][gc,metaspace] GC(11) Metaspace: 42607K(43200K)->42607K(43200K) NonClass: 37545K(37888K)->37545K(37888K) Class: 5062K(5312K)->5062K(5312K)
[2024-05-07T17:32:13.504+0530][gc          ] GC(11) Pause Young (Normal) (G1 Evacuation Pause) 201M->156M(1024M) 21.366ms
[2024-05-07T17:32:13.504+0530][gc,cpu      ] GC(11) User=0.03s Sys=0.03s Real=0.02s
[2024-05-07T17:40:10.622+0530][gc,start    ] GC(12) Pause Young (Normal) (G1 Evacuation Pause)
[2024-05-07T17:40:10.624+0530][gc,task     ] GC(12) Using 8 workers of 8 for evacuation
[2024-05-07T17:40:10.648+0530][gc,mmu      ] GC(12) MMU target violated: 21.0ms (20.0ms/21.0ms)
[2024-05-07T17:40:10.648+0530][gc,phases   ] GC(12)   Pre Evacuate Collection Set: 1.7ms
[2024-05-07T17:40:10.648+0530][gc,phases   ] GC(12)   Merge Heap Roots: 0.4ms
[2024-05-07T17:40:10.648+0530][gc,phases   ] GC(12)   Evacuate Collection Set: 20.1ms
[2024-05-07T17:40:10.648+0530][gc,phases   ] GC(12)   Post Evacuate Collection Set: 0.7ms
[2024-05-07T17:40:10.648+0530][gc,phases   ] GC(12)   Other: 2.7ms
[2024-05-07T17:40:10.648+0530][gc,heap     ] GC(12) Eden regions: 45->0(44)
[2024-05-07T17:40:10.648+0530][gc,heap     ] GC(12) Survivor regions: 6->7(7)
[2024-05-07T17:40:10.648+0530][gc,heap     ] GC(12) Old regions: 21->23
[2024-05-07T17:40:10.648+0530][gc,heap     ] GC(12) Archive regions: 2->2
[2024-05-07T17:40:10.648+0530][gc,heap     ] GC(12) Humongous regions: 129->129
[2024-05-07T17:40:10.648+0530][gc,metaspace] GC(12) Metaspace: 42788K(43328K)->42788K(43328K) NonClass: 37686K(38016K)->37686K(38016K) Class: 5101K(5312K)->5101K(5312K)
[2024-05-07T17:40:10.648+0530][gc          ] GC(12) Pause Young (Normal) (G1 Evacuation Pause) 201M->158M(1024M) 25.663ms
[2024-05-07T17:40:10.648+0530][gc,cpu      ] GC(12) User=0.03s Sys=0.03s Real=0.02s
[2024-05-07T17:45:49.595+0530][gc,start    ] GC(13) Pause Young (Normal) (G1 Evacuation Pause)
[2024-05-07T17:45:49.595+0530][gc,task     ] GC(13) Using 8 workers of 8 for evacuation
[2024-05-07T17:45:49.610+0530][gc,phases   ] GC(13)   Pre Evacuate Collection Set: 0.7ms
[2024-05-07T17:45:49.610+0530][gc,phases   ] GC(13)   Merge Heap Roots: 0.3ms
[2024-05-07T17:45:49.610+0530][gc,phases   ] GC(13)   Evacuate Collection Set: 13.1ms
[2024-05-07T17:45:49.610+0530][gc,phases   ] GC(13)   Post Evacuate Collection Set: 0.5ms
[2024-05-07T17:45:49.610+0530][gc,phases   ] GC(13)   Other: 1.1ms
[2024-05-07T17:45:49.610+0530][gc,heap     ] GC(13) Eden regions: 44->0(48)
[2024-05-07T17:45:49.610+0530][gc,heap     ] GC(13) Survivor regions: 7->5(7)
[2024-05-07T17:45:49.610+0530][gc,heap     ] GC(13) Old regions: 23->26
[2024-05-07T17:45:49.610+0530][gc,heap     ] GC(13) Archive regions: 2->2
[2024-05-07T17:45:49.610+0530][gc,heap     ] GC(13) Humongous regions: 129->129
[2024-05-07T17:45:49.610+0530][gc,metaspace] GC(13) Metaspace: 42912K(43456K)->42912K(43456K) NonClass: 37810K(38144K)->37810K(38144K) Class: 5101K(5312K)->5101K(5312K)
[2024-05-07T17:45:49.610+0530][gc          ] GC(13) Pause Young (Normal) (G1 Evacuation Pause) 202M->159M(1024M) 15.473ms
[2024-05-07T17:45:49.610+0530][gc,cpu      ] GC(13) User=0.03s Sys=0.02s Real=0.02s
[2024-05-07T17:52:35.849+0530][gc,start    ] GC(14) Pause Young (Normal) (G1 Evacuation Pause)
[2024-05-07T17:52:35.850+0530][gc,task     ] GC(14) Using 8 workers of 8 for evacuation
[2024-05-07T17:52:35.868+0530][gc,phases   ] GC(14)   Pre Evacuate Collection Set: 0.5ms
[2024-05-07T17:52:35.868+0530][gc,phases   ] GC(14)   Merge Heap Roots: 0.2ms
[2024-05-07T17:52:35.868+0530][gc,phases   ] GC(14)   Evacuate Collection Set: 16.6ms
[2024-05-07T17:52:35.868+0530][gc,phases   ] GC(14)   Post Evacuate Collection Set: 0.5ms
[2024-05-07T17:52:35.868+0530][gc,phases   ] GC(14)   Other: 1.3ms
[2024-05-07T17:52:35.868+0530][gc,heap     ] GC(14) Eden regions: 46->0(71)
[2024-05-07T17:52:35.868+0530][gc,heap     ] GC(14) Survivor regions: 5->4(7)
[2024-05-07T17:52:35.868+0530][gc,heap     ] GC(14) Old regions: 26->27
[2024-05-07T17:52:35.868+0530][gc,heap     ] GC(14) Archive regions: 2->2
[2024-05-07T17:52:35.868+0530][gc,heap     ] GC(14) Humongous regions: 129->129
[2024-05-07T17:52:35.868+0530][gc,metaspace] GC(14) Metaspace: 42916K(43456K)->42916K(43456K) NonClass: 37814K(38144K)->37814K(38144K) Class: 5102K(5312K)->5102K(5312K)
[2024-05-07T17:52:35.868+0530][gc          ] GC(14) Pause Young (Normal) (G1 Evacuation Pause) 205M->159M(1024M) 19.232ms
[2024-05-07T17:52:35.868+0530][gc,cpu      ] GC(14) User=0.03s Sys=0.02s Real=0.02s
[2024-05-07T18:03:06.597+0530][gc,start    ] GC(15) Pause Young (Normal) (G1 Evacuation Pause)
[2024-05-07T18:03:06.599+0530][gc,task     ] GC(15) Using 8 workers of 8 for evacuation
[2024-05-07T18:03:06.608+0530][gc,phases   ] GC(15)   Pre Evacuate Collection Set: 0.6ms
[2024-05-07T18:03:06.609+0530][gc,phases   ] GC(15)   Merge Heap Roots: 0.2ms
[2024-05-07T18:03:06.609+0530][gc,phases   ] GC(15)   Evacuate Collection Set: 7.9ms
[2024-05-07T18:03:06.609+0530][gc,phases   ] GC(15)   Post Evacuate Collection Set: 0.9ms
[2024-05-07T18:03:06.609+0530][gc,phases   ] GC(15)   Other: 1.6ms
[2024-05-07T18:03:06.609+0530][gc,heap     ] GC(15) Eden regions: 71->0(183)
[2024-05-07T18:03:06.609+0530][gc,heap     ] GC(15) Survivor regions: 4->4(10)
[2024-05-07T18:03:06.609+0530][gc,heap     ] GC(15) Old regions: 27->27
[2024-05-07T18:03:06.609+0530][gc,heap     ] GC(15) Archive regions: 2->2
[2024-05-07T18:03:06.609+0530][gc,heap     ] GC(15) Humongous regions: 129->129
[2024-05-07T18:03:06.609+0530][gc,metaspace] GC(15) Metaspace: 42920K(43456K)->42920K(43456K) NonClass: 37818K(38144K)->37818K(38144K) Class: 5102K(5312K)->5102K(5312K)
[2024-05-07T18:03:06.609+0530][gc          ] GC(15) Pause Young (Normal) (G1 Evacuation Pause) 230M->160M(1024M) 11.457ms
[2024-05-07T18:03:06.609+0530][gc,cpu      ] GC(15) User=0.02s Sys=0.01s Real=0.01s
[2024-05-07T18:11:23.260+0530][gc,heap,exit] Heap
[2024-05-07T18:11:23.261+0530][gc,heap,exit]  garbage-first heap   total 1048576K, used 233230K [0x00000007c0000000, 0x0000000800000000)
[2024-05-07T18:11:23.261+0530][gc,heap,exit]   region size 1024K, 72 young (73728K), 4 survivors (4096K)
[2024-05-07T18:11:23.261+0530][gc,heap,exit]  Metaspace       used 43889K, committed 44480K, reserved 1114112K
[2024-05-07T18:11:23.261+0530][gc,heap,exit]   class space    used 5303K, committed 5568K, reserved 1048576K
